   ▲ Next.js 15.5.24
   - Environments: .env

   Creating an optimized production build ...
 ✓ Compiled successfully in 1462ms
   Linting and checking validity of types ...

   We detected TypeScript in your project and reconfigured your tsconfig.json file for you.
   The following suggested values were added to your tsconfig.json. These values can be changed to fit your project's needs:

   	- target was set to ES2017 (For top-level `await`. Note: Next.js only polyfills for the esmodules target.)

   Collecting page data ...
   Generating static pages (0/5) ...
   Generating static pages (1/5) 
   Generating static pages (2/5) 
   Generating static pages (3/5) 
 ✓ Generating static pages (5/5)
   Finalizing page optimization ...
   Collecting build traces ...

Route (app)                                 Size  First Load JS
┌ ○ /                                    1.81 kB         150 kB
├ ○ /_not-found                            992 B         104 kB
└ ○ /random                              21.6 kB         169 kB
+ First Load JS shared by all             103 kB
  ├ chunks/255-c5a697ddbf82d774.js       46.4 kB
  ├ chunks/4bd1b696-c023c6e3521b1417.js  54.2 kB
  └ other shared chunks (total)          1.92 kB


○  (Static)  prerendered as static content

